f=30 rec=NO en=True
f=60 rec=NO en=True
f=90 rec=NO en=True
f=120 rec=NO en=True
f=150 rec=NO en=True
f=180 rec=NO en=True
f=210 rec=NO en=True
f=240 rec=NO en=True
f=270 rec=NO en=True
f=300 rec=NO en=True
f=330 rec=NO en=True
f=360 rec=NO en=True
f=390 rec=NO en=True
f=420 rec=NO en=True
f=450 rec=NO en=True
f=480 rec=NO en=True
f=510 rec=NO en=True
f=540 rec=NO en=True
f=570 rec=NO en=True
f=600 rec=NO en=True
f=630 rec=NO en=True
f=660 rec=NO en=True
f=690 rec=NO en=True
f=720 rec=NO en=True
f=750 rec=NO en=True
f=780 rec=NO en=True
f=810 rec=NO en=True
f=840 rec=NO en=True
f=870 rec=NO en=True
f=900 rec=NO en=True
f=930 rec=NO en=True
f=960 rec=NO en=True
f=990 rec=NO en=True
f=1020 rec=NO en=True
f=1050 rec=NO en=True
f=1080 rec=NO en=True
f=1110 rec=NO en=True
f=1140 rec=NO en=True
f=1170 rec=NO en=True
f=1200 rec=NO en=True
f=1230 rec=NO en=True
f=1260 rec=NO en=True
f=1290 rec=NO en=True
f=1320 rec=NO en=True
f=1350 rec=NO en=True
f=1380 rec=NO en=True
f=1410 rec=NO en=True
f=1440 rec=NO en=True
f=1470 rec=NO en=True
f=1500 rec=NO en=True
f=1530 rec=NO en=True
f=1560 rec=NO en=True
f=1590 rec=NO en=True
f=1620 rec=NO en=True
f=1650 rec=NO en=True
f=1680 rec=NO en=True
f=1710 rec=NO en=True
f=1740 rec=NO en=True
f=1770 rec=NO en=True
f=1800 rec=NO en=True
f=1830 rec=NO en=True
f=1860 rec=NO en=True
f=1890 rec=NO en=True
f=1920 rec=NO en=True
f=1950 rec=NO en=True
f=1980 rec=NO en=True
f=2010 rec=NO en=True
f=2040 rec=NO en=True
f=2070 rec=NO en=True
f=2100 rec=NO en=True
f=2130 rec=NO en=True
f=2160 rec=NO en=True
f=2190 rec=NO en=True
f=2220 rec=NO en=True
f=2250 rec=NO en=True
f=2280 rec=NO en=True
f=2310 rec=NO en=True
f=2340 rec=NO en=True
f=2370 rec=NO en=True
f=2400 rec=NO en=True
f=2430 rec=NO en=True
f=2460 rec=NO en=True
f=2490 rec=NO en=True
f=2520 rec=NO en=True
f=2550 rec=NO en=True
f=2580 rec=NO en=True
f=2610 rec=NO en=True
f=2640 rec=NO en=True
f=2670 rec=NO en=True
f=2700 rec=NO en=True
f=2730 rec=NO en=True
f=2760 rec=NO en=True
f=2790 rec=NO en=True
f=2820 rec=NO en=True
f=2850 rec=NO en=True
f=2880 rec=NO en=True
f=2910 rec=NO en=True
f=2940 rec=NO en=True
f=2970 rec=NO en=True
f=3000 rec=NO en=True
f=3030 rec=NO en=True
f=3060 rec=NO en=True
f=3090 rec=NO en=True
f=3120 rec=NO en=True
f=3150 rec=NO en=True
f=3180 rec=NO en=True
f=3210 rec=NO en=True
f=3240 rec=NO en=True
f=3270 rec=NO en=True
f=3300 rec=NO en=True
f=3330 rec=NO en=True
f=3360 rec=NO en=True
f=3390 rec=NO en=True
f=3420 rec=NO en=True
f=3450 rec=NO en=True
f=3480 rec=NO en=True
f=3510 rec=NO en=True
f=3540 rec=NO en=True
f=3570 rec=NO en=True
f=3600 rec=NO en=True
f=3630 rec=NO en=True
f=3660 rec=NO en=True
f=3690 rec=NO en=True
f=3720 rec=NO en=True
f=3750 rec=NO en=True
f=3780 rec=NO en=True
f=3810 rec=NO en=True
f=3840 rec=NO en=True
f=3870 rec=NO en=True
f=3900 rec=NO en=True
f=3930 rec=NO en=True
f=3960 rec=NO en=True
f=3990 rec=NO en=True
f=4020 rec=NO en=True
f=4050 rec=NO en=True
f=4080 rec=NO en=True
f=4110 rec=NO en=True
f=4140 rec=NO en=True
f=4170 rec=NO en=True
f=4200 rec=NO en=True
f=4230 rec=NO en=True
f=4260 rec=NO en=True
f=4290 rec=NO en=True
f=4320 rec=NO en=True
f=4350 rec=NO en=True
f=4380 rec=NO en=True
f=4410 rec=NO en=True
f=4440 rec=NO en=True
f=4470 rec=NO en=True
f=4500 rec=NO en=True
f=4530 rec=NO en=True
f=4560 rec=NO en=True
f=4590 rec=NO en=True
f=4620 rec=NO en=True
f=4650 rec=NO en=True
f=4680 rec=NO en=True
f=4710 rec=NO en=True
f=4740 rec=NO en=True
f=4770 rec=NO en=True
f=4800 rec=NO en=True
f=4830 rec=NO en=True
f=4860 rec=NO en=True
f=4890 rec=NO en=True
f=4920 rec=NO en=True
f=4950 rec=NO en=True
f=4980 rec=NO en=True
f=5010 rec=NO en=True
f=5040 rec=NO en=True
f=5070 rec=NO en=True
f=5100 rec=NO en=True
f=5130 rec=NO en=True
f=5160 rec=NO en=True
f=5190 rec=NO en=True
f=5220 rec=NO en=True
f=5250 rec=NO en=True
f=5280 rec=NO en=True
f=5310 rec=NO en=True
f=5340 rec=NO en=True
f=5370 rec=NO en=True
f=5400 rec=NO en=True
f=5430 rec=NO en=True
f=5460 rec=NO en=True
f=5490 rec=NO en=True
f=5520 rec=NO en=True
f=5550 rec=NO en=True
f=5580 rec=NO en=True
E0000 00:00:1781471256.854997 1891027 portable_clearcut_uploader.cc:90] Failed to send to clearcut: FAILED_PRECONDITION: Not valid for uploading until: 2026-06-14T23:19:44.061323+02:00
=== Source Location Trace: === 
wireless/android/play/playlog/cplusplus/portable_clearcut_uploader.cc:180
  Entzerrung geladen ✓
Kalibriere mit 80 Paaren...
Gültige Paare: 59
RMS L:0.582 R:0.551
fx_l=616 fy_l=614
fx_r=607 fy_r=611
Stereo RMS:1.157 Baseline:5.9cm
